
-- Running command `read_verilog rtl/uart_tx.v; hierarchy -check -top uart_tx; proc; opt; check -assert; stat' --

1. Executing Verilog-2005 frontend: rtl/uart_tx.v
Parsing Verilog input from `rtl/uart_tx.v' to AST representation.
Generating RTLIL representation for module `\uart_tx'.
Successfully finished Verilog frontend.

2. Executing HIERARCHY pass (managing design hierarchy).

2.1. Analyzing design hierarchy..
Top module:  \uart_tx

2.2. Analyzing design hierarchy..
Top module:  \uart_tx
Removed 0 unused modules.

3. Executing PROC pass (convert processes to netlists).

3.1. Executing PROC_CLEAN pass (remove empty switches from decision trees).
Cleaned up 0 empty switches.

3.2. Executing PROC_RMDEAD pass (remove dead branches from decision trees).
Marked 4 switch rules as full_case in process $proc$rtl/uart_tx.v:16$5 in module uart_tx.
Removed a total of 0 dead cases.

3.3. Executing PROC_PRUNE pass (remove redundant assignments in processes).
Removed 1 redundant assignment.
Promoted 0 assignments to connections.

3.4. Executing PROC_INIT pass (extract init attributes).

3.5. Executing PROC_ARST pass (detect async resets in processes).

3.6. Executing PROC_ROM pass (convert switches to ROMs).
Converted 0 switches.
<suppressed ~5 debug messages>

3.7. Executing PROC_MUX pass (convert decision trees to multiplexers).
Creating decoders for process `\uart_tx.$proc$rtl/uart_tx.v:16$5'.
     1/5: $0\done[0:0]
     2/5: $0\frame[9:0]
     3/5: $0\bit_index[3:0]
     4/5: $0\timer[3:0]
     5/5: $0\busy[0:0]

3.8. Executing PROC_DLATCH pass (convert process syncs to latches).

3.9. Executing PROC_DFF pass (convert process syncs to FFs).
Creating register for signal `\uart_tx.\busy' using process `\uart_tx.$proc$rtl/uart_tx.v:16$5'.
  created $dff cell `$procdff$78' with positive edge clock.
Creating register for signal `\uart_tx.\done' using process `\uart_tx.$proc$rtl/uart_tx.v:16$5'.
  created $dff cell `$procdff$79' with positive edge clock.
Creating register for signal `\uart_tx.\timer' using process `\uart_tx.$proc$rtl/uart_tx.v:16$5'.
  created $dff cell `$procdff$80' with positive edge clock.
Creating register for signal `\uart_tx.\bit_index' using process `\uart_tx.$proc$rtl/uart_tx.v:16$5'.
  created $dff cell `$procdff$81' with positive edge clock.
Creating register for signal `\uart_tx.\frame' using process `\uart_tx.$proc$rtl/uart_tx.v:16$5'.
  created $dff cell `$procdff$82' with positive edge clock.

3.10. Executing PROC_MEMWR pass (convert process memory writes to cells).

3.11. Executing PROC_CLEAN pass (remove empty switches from decision trees).
Found and cleaned up 5 empty switches in `\uart_tx.$proc$rtl/uart_tx.v:16$5'.
Removing empty process `uart_tx.$proc$rtl/uart_tx.v:16$5'.
Cleaned up 5 empty switches.

3.12. Executing OPT_EXPR pass (perform const folding).
Optimizing module uart_tx.
<suppressed ~1 debug messages>

4. Executing OPT pass (performing simple optimizations).

4.1. Executing OPT_EXPR pass (perform const folding).
Optimizing module uart_tx.

4.2. Executing OPT_MERGE pass (detect identical cells).
Finding identical cells in module `\uart_tx'.
Removed a total of 0 cells.

4.3. Executing OPT_MUXTREE pass (detect dead branches in mux trees).
Running muxtree optimizer on module \uart_tx..
  Creating internal representation of mux trees.
  Evaluating internal representation of mux trees.
      Replacing known input bits on port A of cell $procmux$70: \busy -> 1'0
      Replacing known input bits on port A of cell $procmux$68: \busy -> 1'1
      Replacing known input bits on port A of cell $procmux$66: \busy -> 1'1
  Analyzing evaluation results.
Removed 0 multiplexer ports.
<suppressed ~6 debug messages>

4.4. Executing OPT_REDUCE pass (consolidate $*mux and $reduce_* inputs).
  Optimizing cells in module \uart_tx.
Performed a total of 0 changes.

4.5. Executing OPT_MERGE pass (detect identical cells).
Finding identical cells in module `\uart_tx'.
Removed a total of 0 cells.

4.6. Executing OPT_DFF pass (perform DFF optimizations).
Adding SRST signal on $procdff$78 ($dff) from module uart_tx (D = $procmux$73_Y, Q = \busy, rval = 1'0).
Adding SRST signal on $procdff$79 ($dff) from module uart_tx (D = $procmux$13_Y, Q = \done, rval = 1'0).
Adding SRST signal on $procdff$80 ($dff) from module uart_tx (D = $procmux$59_Y, Q = \timer, rval = 4'0000).
Adding EN signal on $auto$ff.cc:266:slice$91 ($sdff) from module uart_tx (D = $procmux$59_Y, Q = \timer).
Adding SRST signal on $procdff$81 ($dff) from module uart_tx (D = $procmux$45_Y, Q = \bit_index, rval = 4'0000).
Adding EN signal on $auto$ff.cc:266:slice$95 ($sdff) from module uart_tx (D = $add$rtl/uart_tx.v:34$9_Y, Q = \bit_index).
Adding SRST signal on $procdff$82 ($dff) from module uart_tx (D = $procmux$31_Y [9], Q = \frame [9], rval = 1'1).
Adding SRST signal on $procdff$82 ($dff) from module uart_tx (D = $procmux$34_Y [8:0], Q = \frame [8:0], rval = 9'111111111).
Adding EN signal on $auto$ff.cc:266:slice$106 ($sdff) from module uart_tx (D = $procmux$34_Y [8:0], Q = \frame [8:0]).
Adding EN signal on $auto$ff.cc:266:slice$103 ($sdff) from module uart_tx (D = 1'1, Q = \frame [9]).
Setting constant 1-bit at position 0 on $auto$ff.cc:266:slice$116 ($sdffe) from module uart_tx.

4.7. Executing OPT_CLEAN pass (remove unused cells and wires).
Finding unused cells or wires in module \uart_tx..
Removed 15 unused cells and 46 unused wires.
<suppressed ~16 debug messages>

4.8. Executing OPT_EXPR pass (perform const folding).
Optimizing module uart_tx.
<suppressed ~2 debug messages>

4.9. Rerunning OPT passes. (Maybe there is more to do..)

4.10. Executing OPT_MUXTREE pass (detect dead branches in mux trees).
Running muxtree optimizer on module \uart_tx..
  Creating internal representation of mux trees.
  Evaluating internal representation of mux trees.
  Analyzing evaluation results.
Removed 0 multiplexer ports.
<suppressed ~5 debug messages>

4.11. Executing OPT_REDUCE pass (consolidate $*mux and $reduce_* inputs).
  Optimizing cells in module \uart_tx.
Performed a total of 0 changes.

4.12. Executing OPT_MERGE pass (detect identical cells).
Finding identical cells in module `\uart_tx'.
<suppressed ~3 debug messages>
Removed a total of 1 cells.

4.13. Executing OPT_DFF pass (perform DFF optimizations).

4.14. Executing OPT_CLEAN pass (remove unused cells and wires).
Finding unused cells or wires in module \uart_tx..
Removed 0 unused cells and 1 unused wires.
<suppressed ~1 debug messages>

4.15. Executing OPT_EXPR pass (perform const folding).
Optimizing module uart_tx.

4.16. Rerunning OPT passes. (Maybe there is more to do..)

4.17. Executing OPT_MUXTREE pass (detect dead branches in mux trees).
Running muxtree optimizer on module \uart_tx..
  Creating internal representation of mux trees.
  Evaluating internal representation of mux trees.
  Analyzing evaluation results.
Removed 0 multiplexer ports.
<suppressed ~5 debug messages>

4.18. Executing OPT_REDUCE pass (consolidate $*mux and $reduce_* inputs).
  Optimizing cells in module \uart_tx.
Performed a total of 0 changes.

4.19. Executing OPT_MERGE pass (detect identical cells).
Finding identical cells in module `\uart_tx'.
Removed a total of 0 cells.

4.20. Executing OPT_DFF pass (perform DFF optimizations).

4.21. Executing OPT_CLEAN pass (remove unused cells and wires).
Finding unused cells or wires in module \uart_tx..

4.22. Executing OPT_EXPR pass (perform const folding).
Optimizing module uart_tx.

4.23. Finished OPT passes. (There is nothing left to do.)

5. Executing CHECK pass (checking for obvious problems).
Checking module uart_tx...
Found and reported 0 problems.

6. Printing statistics.

=== uart_tx ===

   Number of wires:                 40
   Number of wire bits:            113
   Number of public wires:          11
   Number of public wire bits:      33
   Number of memories:               0
   Number of memory bits:            0
   Number of processes:              0
   Number of cells:                 36
     $add                            1
     $eq                             1
     $logic_and                      2
     $logic_not                      3
     $mux                           13
     $ne                             2
     $not                            3
     $reduce_and                     2
     $reduce_bool                    1
     $reduce_or                      2
     $sdff                           2
     $sdffe                          3
     $sub                            1

